\BOOKMARK [1][-]{section.1}{\376\377\000I\000n\000t\000r\000o\000d\000u\000c\000t\000i\000o\000n}{}% 1
\BOOKMARK [2][-]{subsection.1.1}{\376\377\000M\000a\000i\000n\000\040\000r\000e\000s\000u\000l\000t\000s}{section.1}% 2
\BOOKMARK [1][-]{section.2}{\376\377\000T\000h\000e\000\040\000O\000t\000t\040\023\000A\000n\000t\000o\000n\000s\000e\000n\000\040\000r\000e\000d\000u\000c\000t\000i\000o\000n}{}% 3
\BOOKMARK [2][-]{subsection.2.1}{\376\377\000T\000h\000e\000\040\000O\000A\000\040\000m\000a\000n\000i\000f\000o\000l\000d}{section.2}% 4
\BOOKMARK [2][-]{subsection.2.2}{\376\377\000R\000e\000s\000i\000d\000u\000e\000\040\000r\000e\000d\000u\000c\000t\000i\000o\000n\000\040\000f\000o\000r\000\040\000L\000o\000r\000e\000n\000t\000z\000i\000a\000n\000\040\000m\000i\000x\000t\000u\000r\000e\000s}{section.2}% 5
\BOOKMARK [1][-]{section.3}{\376\377\000C\000o\000n\000v\000e\000r\000g\000e\000n\000c\000e\000\040\000t\000o\000\040\000t\000h\000e\000\040\000O\000A\000\040\000m\000a\000n\000i\000f\000o\000l\000d}{}% 6
\BOOKMARK [1][-]{section.4}{\376\377\000G\000l\000o\000b\000a\000l\000\040\000s\000t\000a\000b\000i\000l\000i\000t\000y\000\040\000o\000n\000\040\000t\000h\000e\000\040\000O\000A\000\040\000m\000a\000n\000i\000f\000o\000l\000d}{}% 7
\BOOKMARK [2][-]{subsection.4.1}{\376\377\000T\000r\000a\000p\000p\000i\000n\000g\000\040\000r\000e\000g\000i\000o\000n}{section.4}% 8
\BOOKMARK [2][-]{subsection.4.2}{\376\377\000E\000q\000u\000i\000l\000i\000b\000r\000i\000u\000m\000\040\000a\000n\000a\000l\000y\000s\000i\000s}{section.4}% 9
\BOOKMARK [2][-]{subsection.4.3}{\376\377\000C\000o\000o\000p\000e\000r\000a\000t\000i\000v\000i\000t\000y}{section.4}% 10
\BOOKMARK [2][-]{subsection.4.4}{\376\377\000F\000i\000x\000e\000d\000\040\000p\000o\000i\000n\000t\000\040\000u\000n\000i\000q\000u\000e\000n\000e\000s\000s}{section.4}% 11
\BOOKMARK [2][-]{subsection.4.5}{\376\377\000G\000l\000o\000b\000a\000l\000\040\000c\000o\000n\000v\000e\000r\000g\000e\000n\000c\000e}{section.4}% 12
\BOOKMARK [2][-]{subsection.4.6}{\376\377\000D\000i\000r\000e\000c\000t\000\040\000a\000l\000g\000e\000b\000r\000a\000i\000c\000\040\000p\000r\000o\000o\000f\000\040\000f\000o\000r\000\040\000t\000h\000e\000\040\000s\000i\000n\000g\000l\000e\000\040\000L\000o\000r\000e\000n\000t\000z\000i\000a\000n}{section.4}% 13
\BOOKMARK [1][-]{section.5}{\376\377\000P\000r\000o\000o\000f\000\040\000o\000f\000\040\000t\000h\000e\000\040\000m\000a\000i\000n\000\040\000t\000h\000e\000o\000r\000e\000m\000s}{}% 14
\BOOKMARK [1][-]{section.6}{\376\377\000A\000\040\000g\000l\000o\000b\000a\000l\000\040\000m\000o\000n\000o\000t\000o\000n\000e\000\040\000f\000u\000n\000c\000t\000i\000o\000n\000a\000l\000\040\000f\000o\000r\000\040\000g\000e\000n\000e\000r\000a\000l\000\040\000a\000n\000a\000l\000y\000t\000i\000c\000\040\000g}{}% 15
\BOOKMARK [2][-]{subsection.6.1}{\376\377\000G\000l\000o\000b\000a\000l\000\040\000s\000t\000a\000b\000i\000l\000i\000t\000y\000\040\000f\000o\000r\000\040\000g\000e\000n\000e\000r\000a\000l\000\040\000a\000n\000a\000l\000y\000t\000i\000c\000\040\000g}{section.6}% 16
\BOOKMARK [2][-]{subsection.6.2}{\376\377\000I\000n\000d\000e\000p\000e\000n\000d\000e\000n\000t\000\040\000p\000r\000o\000o\000f\000\040\000a\000t\000\040\000s\000t\000r\000o\000n\000g\000\040\000c\000o\000u\000p\000l\000i\000n\000g\000\040\000v\000i\000a\000\040\000i\000t\000e\000r\000a\000t\000i\000v\000e\000\040\000V\000o\000l\000t\000e\000r\000r\000a\000\040\000b\000o\000o\000t\000s\000t\000r\000a\000p}{section.6}% 17
\BOOKMARK [2][-]{subsection.6.3}{\376\377\000G\000l\000o\000b\000a\000l\000\040\000s\000t\000a\000b\000i\000l\000i\000t\000y\000\040\000f\000o\000r\000\040\000g\000e\000n\000e\000r\000a\000l\000\040\000a\000n\000a\000l\000y\000t\000i\000c\000\040\000g}{section.6}% 18
\BOOKMARK [2][-]{subsection.6.4}{\376\377\000S\000l\000a\000v\000i\000n\000g\000\040\000p\000r\000i\000n\000c\000i\000p\000l\000e\000\040\000a\000n\000d\000\040\000s\000c\000a\000l\000a\000r\000\040\000r\000e\000d\000u\000c\000t\000i\000o\000n}{section.6}% 19
\BOOKMARK [1][-]{section.7}{\376\377\000T\000h\000e\000\040\000L\0002\000\040\000L\000y\000a\000p\000u\000n\000o\000v\000\040\000f\000u\000n\000c\000t\000i\000o\000n}{}% 20
\BOOKMARK [2][-]{subsection.7.1}{\376\377\000S\000t\000a\000t\000e\000m\000e\000n\000t\000\040\000a\000n\000d\000\040\000p\000r\000o\000o\000f}{section.7}% 21
\BOOKMARK [1][-]{section.8}{\376\377\000D\000i\000s\000c\000u\000s\000s\000i\000o\000n}{}% 22
\BOOKMARK [2][-]{subsection.8.1}{\376\377\000W\000h\000a\000t\000\040\000i\000s\000\040\000p\000r\000o\000v\000e\000d}{section.8}% 23
\BOOKMARK [2][-]{subsection.8.2}{\376\377\000R\000u\000l\000e\000d\000-\000o\000u\000t\000\040\000a\000p\000p\000r\000o\000a\000c\000h\000e\000s}{section.8}% 24
\BOOKMARK [2][-]{subsection.8.3}{\376\377\000T\000h\000e\000\040\000`\000`\000P\000L\000S\000\040\000a\000t\000\040\000i\000n\000f\000i\000n\000i\000t\000y\000'\000'\000\040\000o\000b\000s\000t\000r\000u\000c\000t\000i\000o\000n\000\040\040\024\000\040\000r\000e\000s\000o\000l\000v\000e\000d}{section.8}% 25
\BOOKMARK [2][-]{subsection.8.4}{\376\377\000E\000a\000r\000l\000i\000e\000r\000\040\000a\000p\000p\000r\000o\000a\000c\000h\000e\000s\000\040\000a\000n\000d\000\040\000t\000h\000e\000\040\000r\000o\000l\000e\000\040\000o\000f\000\040\000c\000o\000o\000p\000e\000r\000a\000t\000i\000v\000i\000t\000y}{section.8}% 26
\BOOKMARK [2][-]{subsection.8.5}{\376\377\000P\000r\000o\000m\000i\000s\000i\000n\000g\000\040\000d\000i\000r\000e\000c\000t\000i\000o\000n\000s\000\040\000f\000r\000o\000m\000\040\000t\000h\000e\000\040\000l\000i\000t\000e\000r\000a\000t\000u\000r\000e}{section.8}% 27
\BOOKMARK [2][-]{subsection.8.6}{\376\377\000F\000a\000i\000l\000u\000r\000e\000\040\000o\000f\000\040\000p\000o\000i\000n\000t\000w\000i\000s\000e\000\040\000L\000y\000a\000p\000u\000n\000o\000v\000\040\000k\000e\000r\000n\000e\000l\000s}{section.8}% 28
\BOOKMARK [1][-]{section.9}{\376\377\000L\000e\000a\000n\000\040\0004\000\040\000f\000o\000r\000m\000a\000l\000i\000z\000a\000t\000i\000o\000n}{}% 29
